LAT_AOT_RUNTIME_2.0 {
    global:
        lat_aot_runtime_abi_version;
        lat_aot_runtime_build_id;
        lat_aot_runtime_bind_syscall;
        lat_aot_runtime_bind_targets;
        lat_aot_runtime_raise_syscall;
        lat_aot_runtime_epilogue_ret_id_1;
        lat_aot_runtime_epilogue_ret_id_0;
        lat_aot_runtime_jirl_epilogue_ret_id_1;
        lat_aot_runtime_jirl_epilogue_ret_id_0;
        lat_aot_runtime_epilogue_ret_0;
        lat_aot_runtime_update_mxcsr_status;
        lat_aot_runtime_fxsave;
        lat_aot_runtime_fxrstor;
        lat_aot_runtime_fpregs_x80_to_64;
        lat_aot_runtime_fpregs_64_to_x80;
        lat_aot_runtime_update_fp_status;
        lat_aot_runtime_cpuid;
        lat_aot_runtime_raise_illop;
        lat_aot_runtime_raise_gpf;
        lat_aot_runtime_pcmpistri_xmm;
        lat_aot_runtime_pcmpistrm_xmm;
        lat_aot_runtime_eflagtf;
        lat_aot_runtime_log2;
        lat_aot_runtime_pow;
        lat_aot_runtime_sin;
        lat_aot_runtime_cos;
        lat_aot_runtime_atan2;
        lat_aot_runtime_logb;
        lat_aot_runtime_sincos;
        lat_aot_runtime_fpatan;
        lat_aot_runtime_fptan;
        lat_aot_runtime_fprem;
        lat_aot_runtime_fprem1;
        lat_aot_runtime_frndint;
        lat_aot_runtime_f2xm1;
        lat_aot_runtime_fxtract;
        lat_aot_runtime_fyl2x;
        lat_aot_runtime_fyl2xp1;
        lat_aot_runtime_fsincos;
        lat_aot_runtime_fsin;
        lat_aot_runtime_fcos;
        lat_aot_runtime_fbld_st0;
        lat_aot_runtime_fbst_st0;
        lat_aot_runtime_aesimc_xmm;
        lat_aot_runtime_aeskeygenassist_xmm;
        lat_aot_runtime_aesdec_xmm;
        lat_aot_runtime_aesdeclast_xmm;
        lat_aot_runtime_aesenc_xmm;
        lat_aot_runtime_aesenclast_xmm;
        lat_aot_runtime_sha1nexte;
        lat_aot_runtime_sha1msg1;
        lat_aot_runtime_sha1msg2;
        lat_aot_runtime_sha256msg1;
        lat_aot_runtime_sha256msg2;
        lat_aot_runtime_sha1rnds4_f0;
        lat_aot_runtime_sha1rnds4_f1;
        lat_aot_runtime_sha1rnds4_f2;
        lat_aot_runtime_sha1rnds4_f3;
        lat_aot_runtime_sha256rnds2_xmm0;
        lat_aot_runtime_raise_int;
        lat_aot_runtime_raise_trapop;
        lat_aot_runtime_raise_into;
        lat_aot_runtime_raise_bound;
        lat_aot_runtime_xgetbv;
        lat_aot_runtime_kzt_get_alternate;
        lat_aot_v2_context_apply_guest_slots;
        lat_aot_v2_context_apply_guest_table;
        lat_aot_v2_module_open;
        lat_aot_v2_registry_deactivate;
        lat_aot_v2_registry_deactivate_range;
        lat_aot_v2_registry_destroy;
        lat_aot_v2_registry_init;
        lat_aot_v2_registry_lookup;
        lat_aot_v2_registry_register;
        lat_aot_v2_registry_target_release;
        lat_aot_v2_registry_drain;
        lat_aot_v2_registry_counts;
    local:
        *;
};
